LTspice 24.0.11 for Windows
Circuit: * C:\Users\ArlesUlfred\Documents\VIT\5th SDP\Transreceiver.asc
Start Time: Tue May 28 21:36:41 2024
solver = Normal
Maximum thread count: 12
tnom = 27
temp = 27
method = modified trap
Instance "m:u1:5": Length shorter than recommended for a level 2 MOSFET.
Instance "m:u1:6": Length shorter than recommended for a level 2 MOSFET.
Instance "m:u3:5": Length shorter than recommended for a level 2 MOSFET.
Instance "m:u3:6": Length shorter than recommended for a level 2 MOSFET.
Instance "m:u4:5": Length shorter than recommended for a level 2 MOSFET.
Instance "m:u4:6": Length shorter than recommended for a level 2 MOSFET.
Direct Newton iteration failed to find .op point.  (Use ".option noopiter" to skip.)
Starting Gmin stepping
Gmin = 10
Gmin = 1.07374
Gmin = 0.115292
Gmin = 0.0123794
Gmin = 0.00132923
vernier = 0.5
vernier = 0.25
vernier = 0.125
vernier = 0.0625
Gmin = 0.00100083
vernier = 0.03125
vernier = 0.015625
vernier = 0.0078125
vernier = 0.00390625
vernier = 0.00195312
Gmin = 0.00100083
vernier = 0.000976562
vernier = 0.000488281
Gmin = 0
Gmin stepping failed

Starting source stepping with srcstepmethod=0
Source Step = 3.0303%
vernier = 0.25
Source Step = 7.57576%
Source Step = 15.1515%
Source Step = 22.7273%
Source Step = 26.1364%
Source Step = 28.0303%
Source Step = 29.9242%
Source Step = 31.8182%
Source Step = 33.7121%
vernier = 0.09375
Source Step = 36.0795%
Source Step = 38.9205%
Source Step = 41.7614%
Source Step = 44.6023%
Source Step = 47.4432%
vernier = 0.140625
Source Step = 50.8523%
Source Step = 55.1136%
Source Step = 59.375%
Source Step = 63.6364%
Source Step = 67.8977%
vernier = 0.210938
Source Step = 72.7983%
Source Step = 79.1903%
Source Step = 85.5824%
Source Step = 91.9744%
Source Step = 98.3665%
Source stepping succeeded in finding the operating point.

Total elapsed time: 0.313 seconds.

